# ---- input ----
# N           = 200
# init        = walk
# init_state  = random
# n_states    = 2
# bend_key    = triple
# bond     bond_len     k_bond
# CC           2.46      0.987
# CH           2.42      2.775
# HH           2.32       19.1
# RL            2.3         18
# bend        kappa     theta0
# CCC          0.49    3.14159
# CCH          0.56    3.14159
# CHC          1.85    3.14159
# CHH           2.5    3.14159
# CRL           2.1    3.14159
# HCH          0.59    3.14159
# RCL          0.59    3.14159
# HHH           4.1    3.14159
# RRL           3.2    3.14159
# RLR          2.75    3.14159
# J0 (E_HH=-J0) = 4
# J1 (E_CH=+J1) = 0
# J2 (E_RL=+J2) = 4
# kT          = 1
# n_equil     = 30000
# n_sweeps    = 300000
# max_disp    = 1.5
# n_hinge     = 0
# n_pivot     = 4  (max_rot = 3.14159)
# nb_type     = gauss  (A = 9.01, sigma = 1.5, rcut = 5.25)
# nb_hh       = gb  (eps0 = 1, aniso_eps = 1, mu = 2, nu = 1, kappa' = 5)
# rod         = L 2.5, r 1  (D = 2, L/D = 1.25)
# seed        = 91
# log_every   = 100
# dump_every  = 1000
# out_prefix  = helix_gb
# ---------------
# ---- summary ----
# samples        = 3000
# <helicity>     = 1.000000
# <E_state>      = -795.301333
# <E_bond>       = 101.360983
# <E_bend>       = 180.547393
# <E_nb>         = 0.031416
# <Ree>          = 96.260365
# <Rg2>          = 1699.089706
# final n_R/n_L  = 200 / 0  (N = 200)
# acc_state      = 0.0008
# acc_pos        = 0.0578
# acc_hinge      = 0.0000
# acc_pivot      = 0.3544
# -----------------
real 1798.60
user 1767.50
sys 26.36
FINISHED
